// Jest Snapshot v1, https://goo.gl/fbAQLP

exports[`Appbar test Should match snapshot 1`] = `
<div>
  <header
    class="appbar row space-around middle"
  >
    <img
      alt="Home:logoAlt"
      class="logo"
      src="wolox-logo.png"
    />
    <h2
      class="logout"
    >
      Home:logout
    </h2>
  </header>
</div>
`;
